PS C:\GPT\Node> node test_client.js
WebSocket error: connect ECONNREFUSED 127.0.0.1:8765
Error: Command failed: powershell -Command "Get-Date -Format "yyyy-MM-dd HH:mm:ss""
Get-Date : �� 㤠���� �ਢ易�� ��ࠬ��� "Date". �� 㤠���� �८�ࠧ����� ���祭�� "HH:mm:ss" � ⨯ "System.DateTime".
�訡��: "������ ��ப� �� �ᯮ����� ��� ����⢨⥫쭮� ���祭�� DateTime. �����㦥�� �������⭮� ᫮��, ��稭��饥�� �
 ������ 0."
��ப�:1 ����:29
+ Get-Date -Format yyyy-MM-dd HH:mm:ss
+                             ~~~~~~~~
    + CategoryInfo          : InvalidArgument: (:) [Get-Date], ParameterBindingException
    + FullyQualifiedErrorId : CannotConvertArgumentNoMessage,Microsoft.PowerShell.Commands.GetDateCommand
